{"timestamp":"0001-01-01 00:00:31.35738 +0000 UTC","prio":6,"src":201,"dst":255,"pgn":130567,"description":"Watermaker Input Setting and Status","fields":{"Watermaker Operating State":{"value":7,"name":"Manual","bytes":"07","bits":"000111"},"Production Start/Stop":{"value":0,"name":"No","bytes":"00","bits":"00"},"Rinse Start/Stop":{"value":0,"name":"No","bytes":"00","bits":"00"},"Low Pressure Pump Status":{"value":0,"name":"No","bytes":"00","bits":"00"},"High Pressure Pump Status":{"value":0,"name":"No","bytes":"00","bits":"00"},"Emergency Stop":{"value":0,"name":"No","bytes":"00","bits":"00"},"Product Solenoid Valve Status":{"value":0,"name":"OK","bytes":"00","bits":"00"},"Flush Mode Status":{"value":0,"name":"No","bytes":"00","bits":"00"},"Salinity Status":{"value":1,"name":"Warning","bytes":"10","bits":"01"},"Sensor Status":{"value":null,"bytes":"C0","bits":"11"},"Oil Change Indicator Status":{"value":null,"bytes":"03","bits":"11"},"Filter Status":{"value":null,"bytes":"0C","bits":"11"},"System Status":{"value":0,"name":"OK","bytes":"00","bits":"00"},"Salinity":{"value":13,"bytes":"0D 00"},"Product Water Temperature":{"value":28.64,"bytes":"E3 75"},"Pre-filter Pressure":{"value":0.000,"bytes":"00 00"},"Post-filter Pressure":{"value":0.000,"bytes":"00 00"},"Feed Pressure":{"value":0.000,"bytes":"00 00"},"System High Pressure":{"value":0.000,"bytes":"00 00"},"Product Water Flow":{"value":0.0,"bytes":"00 00"},"Brine Water Flow":{"value":0.0,"bytes":"00 00"},"Run Time":{"value":417600,"name":"116:00:00","bytes":"40 5F 06 00"}}}
{"timestamp":"0001-01-01 00:00:31.35743 +0000 UTC","prio":6,"src":200,"dst":255,"pgn":130567,"description":"Watermaker Input Setting and Status","fields":{"Watermaker Operating State":{"value":2,"name":"Running","bytes":"02","bits":"000010"},"Production Start/Stop":{"value":1,"name":"Yes","bytes":"40","bits":"01"},"Rinse Start/Stop":{"value":null,"bytes":"03","bits":"11"},"Low Pressure Pump Status":{"value":0,"name":"No","bytes":"00","bits":"00"},"High Pressure Pump Status":{"value":0,"name":"No","bytes":"00","bits":"00"},"Emergency Stop":{"value":0,"name":"No","bytes":"00","bits":"00"},"Product Solenoid Valve Status":{"value":1,"name":"Warning","bytes":"01","bits":"01"},"Flush Mode Status":{"value":null,"bytes":"0C","bits":"11"},"Salinity Status":{"value":1,"name":"Warning","bytes":"10","bits":"01"},"Sensor Status":{"value":null,"bytes":"C0","bits":"11"},"Oil Change Indicator Status":{"value":null,"bytes":"03","bits":"11"},"Filter Status":{"value":null,"bytes":"0C","bits":"11"},"System Status":{"value":0,"name":"OK","bytes":"00","bits":"00"},"Salinity":{"value":9,"bytes":"09 00"},"Product Water Temperature":{"value":29.66,"bytes":"49 76"},"Pre-filter Pressure":{"value":7.682,"bytes":"02 1E"},"Post-filter Pressure":{"value":7.682,"bytes":"02 1E"},"Feed Pressure":{"value":0.000,"bytes":"00 00"},"System High Pressure":{"value":7.680,"bytes":"00 03"},"Product Water Flow":{"value":278.9,"bytes":"E5 0A"},"Brine Water Flow":{"value":0.0,"bytes":"00 00"},"Run Time":{"value":1972800,"name":"548:00:00","bytes":"40 1A 1E 00"}}}
